[33m[2026-04-27T03:12:12.828] [INFO] - [Running gramJS version 2.26.21][0m
[33m[2026-04-27T03:12:12.831] [INFO] - [Connecting to 149.154.175.53:80/TCPFull...][0m
[33m[2026-04-27T03:12:12.987] [INFO] - [Connection to 149.154.175.53:80/TCPFull complete!][0m
[33m[2026-04-27T03:12:12.988] [INFO] - [Using LAYER 198 for initial connect][0m
Sending ALbum to bot...
[33m[2026-04-27T03:12:13.642] [INFO] - [Connecting to 149.154.175.58:443/TCPFull...][0m
[33m[2026-04-27T03:12:13.778] [INFO] - [Connection to 149.154.175.58:443/TCPFull complete!][0m
ALBUM ERROR: 400: IMAGE_PROCESS_FAILED (caused by messages.UploadMedia)
Sending ALbum to myself...
ALBUM ERROR ME: 400: IMAGE_PROCESS_FAILED (caused by messages.UploadMedia)
[35m[2026-04-27T03:12:14.651] [WARN] - [Disconnecting...][0m
[33m[2026-04-27T03:12:14.651] [INFO] - [Disconnecting from 149.154.175.53:80/TCPFull...][0m
[33m[2026-04-27T03:12:14.652] [INFO] - [connection closed][0m
[35m[2026-04-27T03:12:44.298] [WARN] - [Disconnecting...][0m
[33m[2026-04-27T03:12:44.298] [INFO] - [Disconnecting from 149.154.175.58:443/TCPFull...][0m
[33m[2026-04-27T03:12:44.299] [INFO] - [connection closed][0m
node : Error: TIMEOUT
No linha:1 caractere:1
+ node test3.mjs > test_output.txt 2>&1
+ ~~~~~~~~~~~~~~~~~~~~~~~~~~~~~~~~~~~~~
    + CategoryInfo          : NotSpecified: (Error: TIMEOUT:Strin 
   g) [], RemoteException
    + FullyQualifiedErrorId : NativeCommandError
 
    at E:\ALLPRIVACY\telegram2\node_modules\telegram\client\update
s.js:250:85
    at async attempts (E:\ALLPRIVACY\telegram2\node_modules\telegr
am\client\updates.js:234:20)
    at async _updateLoop (E:\ALLPRIVACY\telegram2\node_modules\tel
egram\client\updates.js:184:17)
